
Allocating common symbols
Common symbol       size              file

stack               0x1000            entry.o

Memory Configuration

Name             Origin             Length             Attributes
*default*        0x0000000000000000 0xffffffffffffffff

Linker script and memory map

                0x0000000080100000                . = 0x80100000

.text           0x0000000080100000     0x748c load address 0x0000000000100000
 *(.text .stub .text.* .gnu.linkonce.t.*)
 .text          0x0000000080100000       0x34 entry.o
                0x0000000080100000                multiboot_header
                0x000000008010000c                entry
                0x000000010010000c                _start
 *fill*         0x0000000080100034        0xc 
 .text          0x0000000080100040      0x23e bio.o
                0x0000000080100040                binit
                0x00000000801000d0                bread
                0x00000000801001b0                bwrite
                0x00000000801001f0                brelse
 *fill*         0x000000008010027e        0x2 
 .text          0x0000000080100280      0x823 console.o
                0x0000000080100280                consoleread
                0x0000000080100380                panic
                0x0000000080100590                consolewrite
                0x00000000801006a0                cprintf
                0x0000000080100880                consoleintr
                0x0000000080100a60                consoleinit
 *fill*         0x0000000080100aa3        0xd 
 .text          0x0000000080100ab0      0x369 exec.o
                0x0000000080100ab0                exec
 *fill*         0x0000000080100e19        0x7 
 .text          0x0000000080100e20      0x3ab file.o
                0x0000000080100e20                fileinit
                0x0000000080100e40                filealloc
                0x0000000080100eb0                filedup
                0x0000000080100f00                fileclose
                0x0000000080100fe0                filestat
                0x0000000080101030                fileread
                0x00000000801010c0                filewrite
 *fill*         0x00000000801011cb        0x5 
 .text          0x00000000801011d0      0xf14 fs.o
                0x0000000080101530                readsb
                0x0000000080101570                iinit
                0x0000000080101620                ialloc
                0x00000000801016e0                iupdate
                0x0000000080101760                idup
                0x0000000080101790                ilock
                0x0000000080101870                iunlock
                0x00000000801018c0                iput
                0x0000000080101a20                iunlockput
                0x0000000080101a70                stati
                0x0000000080101aa0                readi
                0x0000000080101ba0                writei
                0x0000000080101cd0                namecmp
                0x0000000080101cf0                dirlookup
                0x0000000080101ff0                dirlink
                0x00000000801020b0                namei
                0x00000000801020d0                nameiparent
 *fill*         0x00000000801020e4        0xc 
 .text          0x00000000801020f0      0x2ee ide.o
                0x00000000801021d0                ideinit
                0x0000000080102250                ideintr
                0x00000000801022f0                iderw
 *fill*         0x00000000801023de        0x2 
 .text          0x00000000801023e0       0xe3 ioapic.o
                0x00000000801023e0                ioapicinit
                0x0000000080102490                ioapicenable
 *fill*         0x00000000801024c3        0xd 
 .text          0x00000000801024d0      0x22e kalloc.o
                0x00000000801024d0                kfree
                0x0000000080102570                freerange
                0x00000000801025c0                kinit2
                0x0000000080102620                kinit1
                0x0000000080102690                kalloc
 *fill*         0x00000000801026fe        0x2 
 .text          0x0000000080102700       0xf5 kbd.o
                0x0000000080102700                kbdgetc
                0x00000000801027e0                kbdintr
 *fill*         0x00000000801027f5        0xb 
 .text          0x0000000080102800      0x3ca lapic.o
                0x0000000080102800                lapicinit
                0x0000000080102900                lapicid
                0x0000000080102920                lapiceoi
                0x0000000080102940                microdelay
                0x0000000080102950                lapicstartap
                0x00000000801029e0                cmostime
 *fill*         0x0000000080102bca        0x6 
 .text          0x0000000080102bd0      0x438 log.o
                0x0000000080102cd0                initlog
                0x0000000080102d70                begin_op
                0x0000000080102de0                end_op
                0x0000000080102f50                log_write
 *fill*         0x0000000080103008        0x8 
 .text          0x0000000080103010       0x5a main.o
 *fill*         0x000000008010306a        0x6 
 .text.startup  0x0000000080103070      0x12c main.o
                0x0000000080103070                main
 *fill*         0x000000008010319c        0x4 
 .text          0x00000000801031a0      0x272 mp.o
                0x0000000080103220                mpinit
 *fill*         0x0000000080103412        0xe 
 .text          0x0000000080103420       0x12 picirq.o
                0x0000000080103420                picinit
 *fill*         0x0000000080103432        0xe 
 .text          0x0000000080103440      0x37b pipe.o
                0x0000000080103440                pipealloc
                0x0000000080103540                pipeclose
                0x00000000801035e0                pipewrite
                0x00000000801036e0                piperead
 *fill*         0x00000000801037bb        0x5 
 .text          0x00000000801037c0      0xb10 proc.o
                0x0000000080103890                forkret
                0x00000000801038e0                pinit
                0x0000000080103900                mycpu
                0x0000000080103960                cpuid
                0x0000000080103980                myproc
                0x00000000801039b0                userinit
                0x0000000080103ab0                growproc
                0x0000000080103b30                fork
                0x0000000080103c60                scheduler
                0x0000000080103d00                sched
                0x0000000080103dc0                exit
                0x0000000080103ef0                wait
                0x0000000080104020                yield
                0x0000000080104070                sleep
                0x0000000080104130                wakeup
                0x0000000080104190                kill
                0x0000000080104210                procdump
 .text          0x00000000801042d0      0x12d sleeplock.o
                0x00000000801042d0                initsleeplock
                0x0000000080104310                acquiresleep
                0x0000000080104370                releasesleep
                0x00000000801043b0                holdingsleep
 *fill*         0x00000000801043fd        0x3 
 .text          0x0000000080104400      0x28a spinlock.o
                0x0000000080104400                initlock
                0x0000000080104420                getcallerpcs
                0x0000000080104480                pushcli
                0x00000000801044d0                popcli
                0x0000000080104530                holding
                0x0000000080104570                release
                0x00000000801045d0                acquire
 *fill*         0x000000008010468a        0x6 
 .text          0x0000000080104690      0x21b string.o
                0x0000000080104690                memset
                0x00000000801046e0                memcmp
                0x0000000080104730                memmove
                0x0000000080104790                memcpy
                0x00000000801047a0                strncmp
                0x00000000801047f0                strncpy
                0x0000000080104850                safestrcpy
                0x0000000080104890                strlen
 .text          0x00000000801048ab       0x15 swtch.o
                0x00000000801048ab                swtch
 .text          0x00000000801048c0      0x244 syscall.o
                0x00000000801048c0                fetchint
                0x0000000080104900                fetchstr
                0x0000000080104960                argint
                0x00000000801049b0                argptr
                0x0000000080104a10                argstr
                0x0000000080104aa0                syscall
 *fill*         0x0000000080104b04        0xc 
 .text          0x0000000080104b10      0xbb9 sysfile.o
                0x0000000080104cb0                sys_dup
                0x0000000080104d30                sys_read
                0x0000000080104db0                sys_write
                0x0000000080104e30                sys_close
                0x0000000080104e90                sys_fstat
                0x0000000080104f00                sys_link
                0x0000000080105050                sys_unlink
                0x0000000080105230                sys_open
                0x0000000080105370                sys_mkdir
                0x00000000801053d0                sys_mknod
                0x0000000080105460                sys_chdir
                0x0000000080105510                sys_exec
                0x0000000080105600                sys_pipe
 *fill*         0x00000000801056c9        0x7 
 .text          0x00000000801056d0      0x267 sysproc.o
                0x00000000801056d0                sys_fork
                0x00000000801056e0                sys_exit
                0x00000000801056f0                sys_wait
                0x0000000080105700                sys_kill
                0x0000000080105740                sys_getpid
                0x0000000080105750                sys_sbrk
                0x00000000801057a0                sys_sleep
                0x0000000080105850                sys_uptime
                0x0000000080105880                sys_mprotect
                0x00000000801058e0                sys_munprotect
 .text          0x0000000080105937       0x23 trapasm.o
                0x0000000080105937                alltraps
                0x000000008010594f                trapret
 *fill*         0x000000008010595a        0x6 
 .text          0x0000000080105960      0x33a trap.o
                0x0000000080105960                tvinit
                0x00000000801059e0                idtinit
                0x0000000080105a10                trap
 *fill*         0x0000000080105c9a        0x6 
 .text          0x0000000080105ca0      0x1a5 uart.o
                0x0000000080105cd0                uartinit
                0x0000000080105dd0                uartputc
                0x0000000080105e30                uartintr
 .text          0x0000000080105e45      0xa72 vectors.o
                0x0000000080105e45                vector0
                0x0000000080105e4e                vector1
                0x0000000080105e57                vector2
                0x0000000080105e60                vector3
                0x0000000080105e69                vector4
                0x0000000080105e72                vector5
                0x0000000080105e7b                vector6
                0x0000000080105e84                vector7
                0x0000000080105e8d                vector8
                0x0000000080105e94                vector9
                0x0000000080105e9d                vector10
                0x0000000080105ea4                vector11
                0x0000000080105eab                vector12
                0x0000000080105eb2                vector13
                0x0000000080105eb9                vector14
                0x0000000080105ec0                vector15
                0x0000000080105ec9                vector16
                0x0000000080105ed2                vector17
                0x0000000080105ed9                vector18
                0x0000000080105ee2                vector19
                0x0000000080105eeb                vector20
                0x0000000080105ef4                vector21
                0x0000000080105efd                vector22
                0x0000000080105f06                vector23
                0x0000000080105f0f                vector24
                0x0000000080105f18                vector25
                0x0000000080105f21                vector26
                0x0000000080105f2a                vector27
                0x0000000080105f33                vector28
                0x0000000080105f3c                vector29
                0x0000000080105f45                vector30
                0x0000000080105f4e                vector31
                0x0000000080105f57                vector32
                0x0000000080105f60                vector33
                0x0000000080105f69                vector34
                0x0000000080105f72                vector35
                0x0000000080105f7b                vector36
                0x0000000080105f84                vector37
                0x0000000080105f8d                vector38
                0x0000000080105f96                vector39
                0x0000000080105f9f                vector40
                0x0000000080105fa8                vector41
                0x0000000080105fb1                vector42
                0x0000000080105fba                vector43
                0x0000000080105fc3                vector44
                0x0000000080105fcc                vector45
                0x0000000080105fd5                vector46
                0x0000000080105fde                vector47
                0x0000000080105fe7                vector48
                0x0000000080105ff0                vector49
                0x0000000080105ff9                vector50
                0x0000000080106002                vector51
                0x000000008010600b                vector52
                0x0000000080106014                vector53
                0x000000008010601d                vector54
                0x0000000080106026                vector55
                0x000000008010602f                vector56
                0x0000000080106038                vector57
                0x0000000080106041                vector58
                0x000000008010604a                vector59
                0x0000000080106053                vector60
                0x000000008010605c                vector61
                0x0000000080106065                vector62
                0x000000008010606e                vector63
                0x0000000080106077                vector64
                0x0000000080106080                vector65
                0x0000000080106089                vector66
                0x0000000080106092                vector67
                0x000000008010609b                vector68
                0x00000000801060a4                vector69
                0x00000000801060ad                vector70
                0x00000000801060b6                vector71
                0x00000000801060bf                vector72
                0x00000000801060c8                vector73
                0x00000000801060d1                vector74
                0x00000000801060da                vector75
                0x00000000801060e3                vector76
                0x00000000801060ec                vector77
                0x00000000801060f5                vector78
                0x00000000801060fe                vector79
                0x0000000080106107                vector80
                0x0000000080106110                vector81
                0x0000000080106119                vector82
                0x0000000080106122                vector83
                0x000000008010612b                vector84
                0x0000000080106134                vector85
                0x000000008010613d                vector86
                0x0000000080106146                vector87
                0x000000008010614f                vector88
                0x0000000080106158                vector89
                0x0000000080106161                vector90
                0x000000008010616a                vector91
                0x0000000080106173                vector92
                0x000000008010617c                vector93
                0x0000000080106185                vector94
                0x000000008010618e                vector95
                0x0000000080106197                vector96
                0x00000000801061a0                vector97
                0x00000000801061a9                vector98
                0x00000000801061b2                vector99
                0x00000000801061bb                vector100
                0x00000000801061c4                vector101
                0x00000000801061cd                vector102
                0x00000000801061d6                vector103
                0x00000000801061df                vector104
                0x00000000801061e8                vector105
                0x00000000801061f1                vector106
                0x00000000801061fa                vector107
                0x0000000080106203                vector108
                0x000000008010620c                vector109
                0x0000000080106215                vector110
                0x000000008010621e                vector111
                0x0000000080106227                vector112
                0x0000000080106230                vector113
                0x0000000080106239                vector114
                0x0000000080106242                vector115
                0x000000008010624b                vector116
                0x0000000080106254                vector117
                0x000000008010625d                vector118
                0x0000000080106266                vector119
                0x000000008010626f                vector120
                0x0000000080106278                vector121
                0x0000000080106281                vector122
                0x000000008010628a                vector123
                0x0000000080106293                vector124
                0x000000008010629c                vector125
                0x00000000801062a5                vector126
                0x00000000801062ae                vector127
                0x00000000801062b7                vector128
                0x00000000801062c3                vector129
                0x00000000801062cf                vector130
                0x00000000801062db                vector131
                0x00000000801062e7                vector132
                0x00000000801062f3                vector133
                0x00000000801062ff                vector134
                0x000000008010630b                vector135
                0x0000000080106317                vector136
                0x0000000080106323                vector137
                0x000000008010632f                vector138
                0x000000008010633b                vector139
                0x0000000080106347                vector140
                0x0000000080106353                vector141
                0x000000008010635f                vector142
                0x000000008010636b                vector143
                0x0000000080106377                vector144
                0x0000000080106383                vector145
                0x000000008010638f                vector146
                0x000000008010639b                vector147
                0x00000000801063a7                vector148
                0x00000000801063b3                vector149
                0x00000000801063bf                vector150
                0x00000000801063cb                vector151
                0x00000000801063d7                vector152
                0x00000000801063e3                vector153
                0x00000000801063ef                vector154
                0x00000000801063fb                vector155
                0x0000000080106407                vector156
                0x0000000080106413                vector157
                0x000000008010641f                vector158
                0x000000008010642b                vector159
                0x0000000080106437                vector160
                0x0000000080106443                vector161
                0x000000008010644f                vector162
                0x000000008010645b                vector163
                0x0000000080106467                vector164
                0x0000000080106473                vector165
                0x000000008010647f                vector166
                0x000000008010648b                vector167
                0x0000000080106497                vector168
                0x00000000801064a3                vector169
                0x00000000801064af                vector170
                0x00000000801064bb                vector171
                0x00000000801064c7                vector172
                0x00000000801064d3                vector173
                0x00000000801064df                vector174
                0x00000000801064eb                vector175
                0x00000000801064f7                vector176
                0x0000000080106503                vector177
                0x000000008010650f                vector178
                0x000000008010651b                vector179
                0x0000000080106527                vector180
                0x0000000080106533                vector181
                0x000000008010653f                vector182
                0x000000008010654b                vector183
                0x0000000080106557                vector184
                0x0000000080106563                vector185
                0x000000008010656f                vector186
                0x000000008010657b                vector187
                0x0000000080106587                vector188
                0x0000000080106593                vector189
                0x000000008010659f                vector190
                0x00000000801065ab                vector191
                0x00000000801065b7                vector192
                0x00000000801065c3                vector193
                0x00000000801065cf                vector194
                0x00000000801065db                vector195
                0x00000000801065e7                vector196
                0x00000000801065f3                vector197
                0x00000000801065ff                vector198
                0x000000008010660b                vector199
                0x0000000080106617                vector200
                0x0000000080106623                vector201
                0x000000008010662f                vector202
                0x000000008010663b                vector203
                0x0000000080106647                vector204
                0x0000000080106653                vector205
                0x000000008010665f                vector206
                0x000000008010666b                vector207
                0x0000000080106677                vector208
                0x0000000080106683                vector209
                0x000000008010668f                vector210
                0x000000008010669b                vector211
                0x00000000801066a7                vector212
                0x00000000801066b3                vector213
                0x00000000801066bf                vector214
                0x00000000801066cb                vector215
                0x00000000801066d7                vector216
                0x00000000801066e3                vector217
                0x00000000801066ef                vector218
                0x00000000801066fb                vector219
                0x0000000080106707                vector220
                0x0000000080106713                vector221
                0x000000008010671f                vector222
                0x000000008010672b                vector223
                0x0000000080106737                vector224
                0x0000000080106743                vector225
                0x000000008010674f                vector226
                0x000000008010675b                vector227
                0x0000000080106767                vector228
                0x0000000080106773                vector229
                0x000000008010677f                vector230
                0x000000008010678b                vector231
                0x0000000080106797                vector232
                0x00000000801067a3                vector233
                0x00000000801067af                vector234
                0x00000000801067bb                vector235
                0x00000000801067c7                vector236
                0x00000000801067d3                vector237
                0x00000000801067df                vector238
                0x00000000801067eb                vector239
                0x00000000801067f7                vector240
                0x0000000080106803                vector241
                0x000000008010680f                vector242
                0x000000008010681b                vector243
                0x0000000080106827                vector244
                0x0000000080106833                vector245
                0x000000008010683f                vector246
                0x000000008010684b                vector247
                0x0000000080106857                vector248
                0x0000000080106863                vector249
                0x000000008010686f                vector250
                0x000000008010687b                vector251
                0x0000000080106887                vector252
                0x0000000080106893                vector253
                0x000000008010689f                vector254
                0x00000000801068ab                vector255
 *fill*         0x00000000801068b7        0x9 
 .text          0x00000000801068c0      0xbbe vm.o
                0x0000000080106a60                seginit
                0x0000000080106af0                switchkvm
                0x0000000080106b00                switchuvm
                0x0000000080106c10                inituvm
                0x0000000080106c90                loaduvm
                0x0000000080106d80                allocuvm
                0x0000000080106eb0                deallocuvm
                0x0000000080106ee0                freevm
                0x0000000080106f60                setupkvm
                0x0000000080106fe0                kvmalloc
                0x0000000080107000                clearpteu
                0x0000000080107050                copyuvm
                0x0000000080107180                uva2ka
                0x00000000801071d0                copyout
                0x00000000801072a0                mprotect
                0x0000000080107390                munprotect
 .text.unlikely
                0x000000008010747e        0xe vm.o
                [!provide]                        PROVIDE (etext = .)

.iplt           0x000000008010748c        0x0 load address 0x000000000010748c
 .iplt          0x000000008010748c        0x0 entry.o

.rodata         0x00000000801074a0      0xa03 load address 0x00000000001074a0
 *(.rodata .rodata.* .gnu.linkonce.r.*)
 .rodata.str1.1
                0x00000000801074a0       0x2d bio.o
 .rodata.str1.1
                0x00000000801074cd       0x43 console.o
                                         0x45 (size before relaxing)
 .rodata        0x0000000080107510       0x11 console.o
 .rodata.str1.1
                0x0000000080107521        0xc exec.o
 .rodata.str1.1
                0x000000008010752d       0x32 file.o
                                         0x3c (size before relaxing)
 .rodata.str1.1
                0x000000008010755f       0xb6 fs.o
                                         0xbe (size before relaxing)
 *fill*         0x0000000080107615        0x3 
 .rodata.str1.4
                0x0000000080107618       0x53 fs.o
 .rodata.str1.1
                0x000000008010766b       0x68 ide.o
 *fill*         0x00000000801076d3        0x1 
 .rodata.str1.4
                0x00000000801076d4       0x32 ioapic.o
 .rodata.str1.1
                0x0000000080107706        0xb kalloc.o
 *fill*         0x0000000080107711        0xf 
 .rodata        0x0000000080107720      0x220 kbd.o
 .rodata.str1.1
                0x0000000080107940       0x44 log.o
 .rodata.str1.1
                0x0000000080107984       0x14 main.o
 .rodata.str1.1
                0x0000000080107998       0x22 mp.o
 *fill*         0x00000000801079ba        0x2 
 .rodata.str1.4
                0x00000000801079bc       0x1f mp.o
 .rodata.str1.1
                0x00000000801079db        0x5 pipe.o
 .rodata.str1.1
                0x00000000801079e0       0xe2 proc.o
                                         0xe8 (size before relaxing)
 *fill*         0x0000000080107ac2        0x2 
 .rodata.str1.4
                0x0000000080107ac4       0x26 proc.o
 *fill*         0x0000000080107aea        0x2 
 .rodata        0x0000000080107aec       0x18 proc.o
 .rodata.str1.1
                0x0000000080107b04        0xb sleeplock.o
 .rodata.str1.1
                0x0000000080107b0f       0x2e spinlock.o
 .rodata.str1.1
                0x0000000080107b3d       0x1c syscall.o
 *fill*         0x0000000080107b59        0x7 
 .rodata        0x0000000080107b60       0x60 syscall.o
 .rodata.str1.1
                0x0000000080107bc0       0x61 sysfile.o
                                         0x63 (size before relaxing)
 .rodata.str1.1
                0x0000000080107c21        0xa trap.o
 *fill*         0x0000000080107c2b        0x1 
 .rodata.str1.4
                0x0000000080107c2c       0x9b trap.o
 *fill*         0x0000000080107cc7        0x1 
 .rodata        0x0000000080107cc8       0x80 trap.o
 .rodata.str1.1
                0x0000000080107d48        0x8 uart.o
 .rodata.str1.1
                0x0000000080107d50      0x12d vm.o
                                        0x133 (size before relaxing)
 *fill*         0x0000000080107e7d        0x3 
 .rodata.str1.4
                0x0000000080107e80       0x23 vm.o

.rel.dyn        0x0000000080107ea4        0x0 load address 0x0000000000107ea4
 .rel.got       0x0000000080107ea4        0x0 entry.o
 .rel.iplt      0x0000000080107ea4        0x0 entry.o
 .rel.text      0x0000000080107ea4        0x0 entry.o
 .rel.text.startup
                0x0000000080107ea4        0x0 entry.o
 .rel.data      0x0000000080107ea4        0x0 entry.o

.stab           0x0000000080107ea3        0x0
                [!provide]                        PROVIDE (__STAB_BEGIN__ = .)
 *(.stab)
                [!provide]                        PROVIDE (__STAB_END__ = .)

.stabstr        0x0000000080107ea3        0x0
                [!provide]                        PROVIDE (__STABSTR_BEGIN__ = .)
 *(.stabstr)
                [!provide]                        PROVIDE (__STABSTR_END__ = .)
                0x0000000080108000                . = ALIGN (0x1000)
                0x0000000080108000                PROVIDE (data = .)

.data           0x0000000080108000     0x251a load address 0x0000000000108000
 *(.data)
 .data          0x0000000080108000        0x0 entry.o
 .data          0x0000000080108000        0x0 bio.o
 .data          0x0000000080108000        0x0 console.o
 .data          0x0000000080108000        0x0 exec.o
 .data          0x0000000080108000        0x0 file.o
 .data          0x0000000080108000        0x0 fs.o
 .data          0x0000000080108000        0x0 ide.o
 .data          0x0000000080108000        0x0 ioapic.o
 .data          0x0000000080108000        0x0 kalloc.o
 .data          0x0000000080108000      0x300 kbd.o
 .data          0x0000000080108300        0x0 lapic.o
 .data          0x0000000080108300        0x0 log.o
 *fill*         0x0000000080108300      0xd00 
 .data          0x0000000080109000     0x1000 main.o
                0x0000000080109000                entrypgdir
 .data          0x000000008010a000        0x0 mp.o
 .data          0x000000008010a000        0x0 picirq.o
 .data          0x000000008010a000        0x0 pipe.o
 .data          0x000000008010a000        0x8 proc.o
                0x000000008010a004                nextpid
 .data          0x000000008010a008        0x0 sleeplock.o
 .data          0x000000008010a008        0x0 spinlock.o
 .data          0x000000008010a008        0x0 string.o
 .data          0x000000008010a008        0x0 swtch.o
 .data          0x000000008010a008        0x0 syscall.o
 .data          0x000000008010a008        0x0 sysfile.o
 .data          0x000000008010a008        0x0 sysproc.o
 .data          0x000000008010a008        0x0 trapasm.o
 .data          0x000000008010a008        0x0 trap.o
 .data          0x000000008010a008        0x0 uart.o
 .data          0x000000008010a008      0x400 vectors.o
                0x000000008010a008                vectors
 *fill*         0x000000008010a408       0x18 
 .data          0x000000008010a420       0x40 vm.o
 .data          0x000000008010a460       0x30 initcode
                0x000000008010a460                _binary_initcode_start
                0x000000008010a490                _binary_initcode_end
 .data          0x000000008010a490       0x8a entryother
                0x000000008010a490                _binary_entryother_start
                0x000000008010a51a                _binary_entryother_end
                [!provide]                        PROVIDE (edata = .)

.got            0x000000008010a51c        0x0 load address 0x000000000010a51c
 .got           0x000000008010a51c        0x0 entry.o

.got.plt        0x000000008010a51c        0x0 load address 0x000000000010a51c
 .got.plt       0x000000008010a51c        0x0 entry.o

.igot.plt       0x000000008010a51c        0x0 load address 0x000000000010a51c
 .igot.plt      0x000000008010a51c        0x0 entry.o

.bss            0x000000008010a520     0xb0b0 load address 0x000000000010a520
 *(.bss)
 .bss           0x000000008010a520        0x0 entry.o
 .bss           0x000000008010a520     0x4958 bio.o
                0x000000008010a520                bcache
 *fill*         0x000000008010ee78        0x8 
 .bss           0x000000008010ee80       0xdc console.o
                0x000000008010ee80                input
 .bss           0x000000008010ef5c        0x0 exec.o
 *fill*         0x000000008010ef5c        0x4 
 .bss           0x000000008010ef60      0x9f0 file.o
                0x000000008010ef60                ftable
                0x000000008010f900                devsw
 *fill*         0x000000008010f950       0x10 
 .bss           0x000000008010f960     0x1c70 fs.o
                0x000000008010f960                icache
                0x00000000801115b4                sb
 *fill*         0x00000000801115d0       0x10 
 .bss           0x00000000801115e0       0x54 ide.o
 .bss           0x0000000080111634        0x4 ioapic.o
                0x0000000080111634                ioapic
 *fill*         0x0000000080111638        0x8 
 .bss           0x0000000080111640       0x3c kalloc.o
                0x0000000080111640                kmem
 .bss           0x000000008011167c        0x4 kbd.o
 .bss           0x0000000080111680        0x4 lapic.o
                0x0000000080111680                lapic
 *fill*         0x0000000080111684       0x1c 
 .bss           0x00000000801116a0       0xc4 log.o
                0x00000000801116a0                log
 .bss           0x0000000080111764        0x0 main.o
 *fill*         0x0000000080111764       0x1c 
 .bss           0x0000000080111780      0x5a0 mp.o
                0x0000000080111780                ioapicid
                0x0000000080111784                ncpu
                0x00000000801117a0                cpus
 .bss           0x0000000080111d20        0x0 picirq.o
 .bss           0x0000000080111d20        0x0 pipe.o
 .bss           0x0000000080111d20     0x2038 proc.o
                0x0000000080111d20                ptable
 .bss           0x0000000080113d58        0x0 sleeplock.o
 .bss           0x0000000080113d58        0x0 spinlock.o
 .bss           0x0000000080113d58        0x0 string.o
 .bss           0x0000000080113d58        0x0 swtch.o
 .bss           0x0000000080113d58        0x0 syscall.o
 .bss           0x0000000080113d58        0x0 sysfile.o
 .bss           0x0000000080113d58        0x0 sysproc.o
 .bss           0x0000000080113d58        0x0 trapasm.o
 *fill*         0x0000000080113d58        0x8 
 .bss           0x0000000080113d60      0x860 trap.o
                0x0000000080113d60                ticks
                0x0000000080113d80                tickslock
                0x0000000080113dc0                idt
 .bss           0x00000000801145c0        0x4 uart.o
 .bss           0x00000000801145c4        0x0 vectors.o
 .bss           0x00000000801145c4        0x4 vm.o
                0x00000000801145c4                kpgdir
 *fill*         0x00000000801145c8        0x8 
 COMMON         0x00000000801145d0     0x1000 entry.o
                0x00000000801145d0                stack
                0x00000000801155d0                PROVIDE (end = .)

/DISCARD/
 *(.eh_frame .note.GNU-stack)
LOAD entry.o
LOAD bio.o
LOAD console.o
LOAD exec.o
LOAD file.o
LOAD fs.o
LOAD ide.o
LOAD ioapic.o
LOAD kalloc.o
LOAD kbd.o
LOAD lapic.o
LOAD log.o
LOAD main.o
LOAD mp.o
LOAD picirq.o
LOAD pipe.o
LOAD proc.o
LOAD sleeplock.o
LOAD spinlock.o
LOAD string.o
LOAD swtch.o
LOAD syscall.o
LOAD sysfile.o
LOAD sysproc.o
LOAD trapasm.o
LOAD trap.o
LOAD uart.o
LOAD vectors.o
LOAD vm.o
TARGET(binary)
LOAD initcode
LOAD entryother
OUTPUT(kernel elf32-i386)

.debug_line     0x0000000000000000     0x6d46
 .debug_line    0x0000000000000000       0x41 entry.o
 .debug_line    0x0000000000000041      0x24a bio.o
 .debug_line    0x000000000000028b      0x879 console.o
 .debug_line    0x0000000000000b04      0x2c9 exec.o
 .debug_line    0x0000000000000dcd      0x2bb file.o
 .debug_line    0x0000000000001088      0xc7b fs.o
 .debug_line    0x0000000000001d03      0x3ed ide.o
 .debug_line    0x00000000000020f0      0x1de ioapic.o
 .debug_line    0x00000000000022ce      0x21c kalloc.o
 .debug_line    0x00000000000024ea      0x18f kbd.o
 .debug_line    0x0000000000002679      0x7cb lapic.o
 .debug_line    0x0000000000002e44      0x3bf log.o
 .debug_line    0x0000000000003203      0x143 main.o
 .debug_line    0x0000000000003346      0x2fc mp.o
 .debug_line    0x0000000000003642       0x75 picirq.o
 .debug_line    0x00000000000036b7      0x336 pipe.o
 .debug_line    0x00000000000039ed      0xa56 proc.o
 .debug_line    0x0000000000004443      0x139 sleeplock.o
 .debug_line    0x000000000000457c      0x39c spinlock.o
 .debug_line    0x0000000000004918      0x297 string.o
 .debug_line    0x0000000000004baf       0x43 swtch.o
 .debug_line    0x0000000000004bf2      0x2e5 syscall.o
 .debug_line    0x0000000000004ed7      0x8ed sysfile.o
 .debug_line    0x00000000000057c4      0x1f8 sysproc.o
 .debug_line    0x00000000000059bc       0x48 trapasm.o
 .debug_line    0x0000000000005a04      0x2a0 trap.o
 .debug_line    0x0000000000005ca4      0x271 uart.o
 .debug_line    0x0000000000005f15      0x32f vectors.o
 .debug_line    0x0000000000006244      0xb02 vm.o

.debug_info     0x0000000000000000    0x1129d
 .debug_info    0x0000000000000000       0x26 entry.o
 .debug_info    0x0000000000000026      0x457 bio.o
 .debug_info    0x000000000000047d     0x137d console.o
 .debug_info    0x00000000000017fa      0x876 exec.o
 .debug_info    0x0000000000002070      0x751 file.o
 .debug_info    0x00000000000027c1     0x1cea fs.o
 .debug_info    0x00000000000044ab      0xe80 ide.o
 .debug_info    0x000000000000532b      0x298 ioapic.o
 .debug_info    0x00000000000055c3      0x3a1 kalloc.o
 .debug_info    0x0000000000005964      0x21c kbd.o
 .debug_info    0x0000000000005b80      0xe65 lapic.o
 .debug_info    0x00000000000069e5      0x762 log.o
 .debug_info    0x0000000000007147      0xa36 main.o
 .debug_info    0x0000000000007b7d      0xd9a mp.o
 .debug_info    0x0000000000008917       0xe9 picirq.o
 .debug_info    0x0000000000008a00      0xa31 pipe.o
 .debug_info    0x0000000000009431     0x1554 proc.o
 .debug_info    0x000000000000a985      0x898 sleeplock.o
 .debug_info    0x000000000000b21d      0xb37 spinlock.o
 .debug_info    0x000000000000bd54      0x41f string.o
 .debug_info    0x000000000000c173       0x26 swtch.o
 .debug_info    0x000000000000c199      0x815 syscall.o
 .debug_info    0x000000000000c9ae     0x17c6 sysfile.o
 .debug_info    0x000000000000e174      0x699 sysproc.o
 .debug_info    0x000000000000e80d       0x26 trapasm.o
 .debug_info    0x000000000000e833      0xb19 trap.o
 .debug_info    0x000000000000f34c      0x550 uart.o
 .debug_info    0x000000000000f89c       0x26 vectors.o
 .debug_info    0x000000000000f8c2     0x19db vm.o

.debug_abbrev   0x0000000000000000     0x4514
 .debug_abbrev  0x0000000000000000       0x14 entry.o
 .debug_abbrev  0x0000000000000014      0x25f bio.o
 .debug_abbrev  0x0000000000000273      0x4de console.o
 .debug_abbrev  0x0000000000000751      0x1e6 exec.o
 .debug_abbrev  0x0000000000000937      0x250 file.o
 .debug_abbrev  0x0000000000000b87      0x5e9 fs.o
 .debug_abbrev  0x0000000000001170      0x310 ide.o
 .debug_abbrev  0x0000000000001480      0x1cf ioapic.o
 .debug_abbrev  0x000000000000164f      0x269 kalloc.o
 .debug_abbrev  0x00000000000018b8      0x174 kbd.o
 .debug_abbrev  0x0000000000001a2c      0x292 lapic.o
 .debug_abbrev  0x0000000000001cbe      0x294 log.o
 .debug_abbrev  0x0000000000001f52      0x2b3 main.o
 .debug_abbrev  0x0000000000002205      0x2c1 mp.o
 .debug_abbrev  0x00000000000024c6       0xa7 picirq.o
 .debug_abbrev  0x000000000000256d      0x237 pipe.o
 .debug_abbrev  0x00000000000027a4      0x4cf proc.o
 .debug_abbrev  0x0000000000002c73      0x1ea sleeplock.o
 .debug_abbrev  0x0000000000002e5d      0x2e4 spinlock.o
 .debug_abbrev  0x0000000000003141      0x145 string.o
 .debug_abbrev  0x0000000000003286       0x14 swtch.o
 .debug_abbrev  0x000000000000329a      0x2af syscall.o
 .debug_abbrev  0x0000000000003549      0x3a4 sysfile.o
 .debug_abbrev  0x00000000000038ed      0x1d2 sysproc.o
 .debug_abbrev  0x0000000000003abf       0x14 trapasm.o
 .debug_abbrev  0x0000000000003ad3      0x2b1 trap.o
 .debug_abbrev  0x0000000000003d84      0x1e9 uart.o
 .debug_abbrev  0x0000000000003f6d       0x14 vectors.o
 .debug_abbrev  0x0000000000003f81      0x593 vm.o

.debug_aranges  0x0000000000000000      0x3b0
 .debug_aranges
                0x0000000000000000       0x20 entry.o
 .debug_aranges
                0x0000000000000020       0x20 bio.o
 .debug_aranges
                0x0000000000000040       0x20 console.o
 .debug_aranges
                0x0000000000000060       0x20 exec.o
 .debug_aranges
                0x0000000000000080       0x20 file.o
 .debug_aranges
                0x00000000000000a0       0x20 fs.o
 .debug_aranges
                0x00000000000000c0       0x20 ide.o
 .debug_aranges
                0x00000000000000e0       0x20 ioapic.o
 .debug_aranges
                0x0000000000000100       0x20 kalloc.o
 .debug_aranges
                0x0000000000000120       0x20 kbd.o
 .debug_aranges
                0x0000000000000140       0x20 lapic.o
 .debug_aranges
                0x0000000000000160       0x20 log.o
 .debug_aranges
                0x0000000000000180       0x28 main.o
 .debug_aranges
                0x00000000000001a8       0x20 mp.o
 .debug_aranges
                0x00000000000001c8       0x20 picirq.o
 .debug_aranges
                0x00000000000001e8       0x20 pipe.o
 .debug_aranges
                0x0000000000000208       0x20 proc.o
 .debug_aranges
                0x0000000000000228       0x20 sleeplock.o
 .debug_aranges
                0x0000000000000248       0x20 spinlock.o
 .debug_aranges
                0x0000000000000268       0x20 string.o
 .debug_aranges
                0x0000000000000288       0x20 swtch.o
 .debug_aranges
                0x00000000000002a8       0x20 syscall.o
 .debug_aranges
                0x00000000000002c8       0x20 sysfile.o
 .debug_aranges
                0x00000000000002e8       0x20 sysproc.o
 .debug_aranges
                0x0000000000000308       0x20 trapasm.o
 .debug_aranges
                0x0000000000000328       0x20 trap.o
 .debug_aranges
                0x0000000000000348       0x20 uart.o
 .debug_aranges
                0x0000000000000368       0x20 vectors.o
 .debug_aranges
                0x0000000000000388       0x28 vm.o

.debug_str      0x0000000000000000      0xe03
 .debug_str     0x0000000000000000       0x36 entry.o
 .debug_str     0x0000000000000036      0x17d bio.o
                                        0x1ae (size before relaxing)
 .debug_str     0x00000000000001b3      0x29f console.o
                                        0x433 (size before relaxing)
 .debug_str     0x0000000000000452      0x11a exec.o
                                        0x30d (size before relaxing)
 .debug_str     0x000000000000056c       0x77 file.o
                                        0x236 (size before relaxing)
 .debug_str     0x00000000000005e3       0xec fs.o
                                        0x4d9 (size before relaxing)
 .debug_str     0x00000000000006cf       0x80 ide.o
                                        0x3a0 (size before relaxing)
 .debug_str     0x000000000000074f       0x3a ioapic.o
                                        0x12c (size before relaxing)
 .debug_str     0x0000000000000789       0x48 kalloc.o
                                        0x158 (size before relaxing)
 .debug_str     0x00000000000007d1       0x4e kbd.o
                                        0x137 (size before relaxing)
 .debug_str     0x000000000000081f       0x89 lapic.o
                                        0x187 (size before relaxing)
 .debug_str     0x00000000000008a8       0x85 log.o
                                        0x26d (size before relaxing)
 .debug_str     0x000000000000092d       0xbe main.o
                                        0x3c2 (size before relaxing)
 .debug_str     0x00000000000009eb       0xa8 mp.o
                                        0x38b (size before relaxing)
 .debug_str     0x0000000000000a93       0xe5 picirq.o
 .debug_str     0x0000000000000a93       0x2a pipe.o
                                        0x386 (size before relaxing)
 .debug_str     0x0000000000000abd       0xdb proc.o
                                        0x488 (size before relaxing)
 .debug_str     0x0000000000000b98      0x2ee sleeplock.o
 .debug_str     0x0000000000000b98      0x2f3 spinlock.o
 .debug_str     0x0000000000000b98       0x13 string.o
                                        0x126 (size before relaxing)
 .debug_str     0x0000000000000bab        0x8 swtch.o
                                         0x36 (size before relaxing)
 .debug_str     0x0000000000000bb3      0x11d syscall.o
                                        0x2f8 (size before relaxing)
 .debug_str     0x0000000000000cd0       0x31 sysfile.o
                                        0x4aa (size before relaxing)
 .debug_str     0x0000000000000d01       0x18 sysproc.o
                                        0x2a4 (size before relaxing)
 .debug_str     0x0000000000000d19        0xa trapasm.o
                                         0x38 (size before relaxing)
 .debug_str     0x0000000000000d23       0x41 trap.o
                                        0x34e (size before relaxing)
 .debug_str     0x0000000000000d64        0xe uart.o
                                        0x139 (size before relaxing)
 .debug_str     0x0000000000000d72        0xa vectors.o
                                         0x38 (size before relaxing)
 .debug_str     0x0000000000000d7c       0x87 vm.o
                                        0x403 (size before relaxing)

.debug_loclists
                0x0000000000000000     0x54b4
 .debug_loclists
                0x0000000000000000       0xe5 bio.o
 .debug_loclists
                0x00000000000000e5      0x7a2 console.o
 .debug_loclists
                0x0000000000000887      0x241 exec.o
 .debug_loclists
                0x0000000000000ac8      0x359 file.o
 .debug_loclists
                0x0000000000000e21      0xd1e fs.o
 .debug_loclists
                0x0000000000001b3f      0x2c4 ide.o
 .debug_loclists
                0x0000000000001e03       0xbf ioapic.o
 .debug_loclists
                0x0000000000001ec2      0x1a9 kalloc.o
 .debug_loclists
                0x000000000000206b       0x65 kbd.o
 .debug_loclists
                0x00000000000020d0      0x59e lapic.o
 .debug_loclists
                0x000000000000266e      0x163 log.o
 .debug_loclists
                0x00000000000027d1       0x66 main.o
 .debug_loclists
                0x0000000000002837      0x2f8 mp.o
 .debug_loclists
                0x0000000000002b2f       0x34 picirq.o
 .debug_loclists
                0x0000000000002b63      0x177 pipe.o
 .debug_loclists
                0x0000000000002cda      0x492 proc.o
 .debug_loclists
                0x000000000000316c       0x45 sleeplock.o
 .debug_loclists
                0x00000000000031b1      0x172 spinlock.o
 .debug_loclists
                0x0000000000003323      0x444 string.o
 .debug_loclists
                0x0000000000003767      0x1be syscall.o
 .debug_loclists
                0x0000000000003925      0x55a sysfile.o
 .debug_loclists
                0x0000000000003e7f       0x3c sysproc.o
 .debug_loclists
                0x0000000000003ebb       0x4c trap.o
 .debug_loclists
                0x0000000000003f07      0x1cd uart.o
 .debug_loclists
                0x00000000000040d4     0x13e0 vm.o

.debug_rnglists
                0x0000000000000000      0x880
 .debug_rnglists
                0x0000000000000000       0x17 bio.o
 .debug_rnglists
                0x0000000000000017       0x94 console.o
 .debug_rnglists
                0x00000000000000ab       0x17 file.o
 .debug_rnglists
                0x00000000000000c2       0xb8 fs.o
 .debug_rnglists
                0x000000000000017a       0x69 ide.o
 .debug_rnglists
                0x00000000000001e3       0x4f ioapic.o
 .debug_rnglists
                0x0000000000000232       0x27 kalloc.o
 .debug_rnglists
                0x0000000000000259       0x16 kbd.o
 .debug_rnglists
                0x000000000000026f      0x21d lapic.o
 .debug_rnglists
                0x000000000000048c       0x40 log.o
 .debug_rnglists
                0x00000000000004cc       0x1a main.o
 .debug_rnglists
                0x00000000000004e6       0x37 mp.o
 .debug_rnglists
                0x000000000000051d       0x6f proc.o
 .debug_rnglists
                0x000000000000058c       0x53 spinlock.o
 .debug_rnglists
                0x00000000000005df       0x13 string.o
 .debug_rnglists
                0x00000000000005f2       0x32 syscall.o
 .debug_rnglists
                0x0000000000000624       0x9d sysfile.o
 .debug_rnglists
                0x00000000000006c1       0x1c trap.o
 .debug_rnglists
                0x00000000000006dd       0x53 uart.o
 .debug_rnglists
                0x0000000000000730      0x150 vm.o

.debug_line_str
                0x0000000000000000      0x13c
 .debug_line_str
                0x0000000000000000       0x54 bio.o
                                         0x82 (size before relaxing)
 .debug_line_str
                0x0000000000000054       0x24 console.o
                                         0xa2 (size before relaxing)
 .debug_line_str
                0x0000000000000078        0xd exec.o
                                         0x7b (size before relaxing)
 .debug_line_str
                0x0000000000000085        0xd file.o
                                         0x86 (size before relaxing)
 .debug_line_str
                0x0000000000000085        0xc fs.o
                                         0x9f (size before relaxing)
 .debug_line_str
                0x0000000000000091        0x6 ide.o
                                         0x95 (size before relaxing)
 .debug_line_str
                0x0000000000000097        0x9 ioapic.o
                                         0x6e (size before relaxing)
 .debug_line_str
                0x00000000000000a0        0x9 kalloc.o
                                         0x79 (size before relaxing)
 .debug_line_str
                0x00000000000000a9        0xc kbd.o
                                         0x71 (size before relaxing)
 .debug_line_str
                0x00000000000000b5        0xf lapic.o
                                         0x78 (size before relaxing)
 .debug_line_str
                0x00000000000000c4        0x6 log.o
                                         0x87 (size before relaxing)
 .debug_line_str
                0x00000000000000ca        0x7 main.o
                                         0x7b (size before relaxing)
 .debug_line_str
                0x00000000000000d1        0xa mp.o
                                         0x7a (size before relaxing)
 .debug_line_str
                0x00000000000000db        0x9 picirq.o
                                         0x6d (size before relaxing)
 .debug_line_str
                0x00000000000000e4        0x7 pipe.o
                                         0x93 (size before relaxing)
 .debug_line_str
                0x00000000000000eb        0x7 proc.o
                                         0x86 (size before relaxing)
 .debug_line_str
                0x00000000000000eb        0xc sleeplock.o
                                         0xa1 (size before relaxing)
 .debug_line_str
                0x00000000000000f7        0xb spinlock.o
                                         0x92 (size before relaxing)
 .debug_line_str
                0x0000000000000102        0x9 string.o
                                         0x6d (size before relaxing)
 .debug_line_str
                0x000000000000010b        0xa syscall.o
                                         0x7e (size before relaxing)
 .debug_line_str
                0x0000000000000115        0xa sysfile.o
                                         0xa8 (size before relaxing)
 .debug_line_str
                0x000000000000011f        0xa sysproc.o
                                         0x7e (size before relaxing)
 .debug_line_str
                0x0000000000000129        0x7 trap.o
                                         0x86 (size before relaxing)
 .debug_line_str
                0x0000000000000130        0x7 uart.o
                                         0x6e (size before relaxing)
 .debug_line_str
                0x0000000000000137        0x5 vm.o
                                         0x75 (size before relaxing)

.comment        0x0000000000000000       0x12
 .comment       0x0000000000000000       0x12 bio.o
                                         0x13 (size before relaxing)
 .comment       0x0000000000000012       0x13 console.o
 .comment       0x0000000000000012       0x13 exec.o
 .comment       0x0000000000000012       0x13 file.o
 .comment       0x0000000000000012       0x13 fs.o
 .comment       0x0000000000000012       0x13 ide.o
 .comment       0x0000000000000012       0x13 ioapic.o
 .comment       0x0000000000000012       0x13 kalloc.o
 .comment       0x0000000000000012       0x13 kbd.o
 .comment       0x0000000000000012       0x13 lapic.o
 .comment       0x0000000000000012       0x13 log.o
 .comment       0x0000000000000012       0x13 main.o
 .comment       0x0000000000000012       0x13 mp.o
 .comment       0x0000000000000012       0x13 picirq.o
 .comment       0x0000000000000012       0x13 pipe.o
 .comment       0x0000000000000012       0x13 proc.o
 .comment       0x0000000000000012       0x13 sleeplock.o
 .comment       0x0000000000000012       0x13 spinlock.o
 .comment       0x0000000000000012       0x13 string.o
 .comment       0x0000000000000012       0x13 syscall.o
 .comment       0x0000000000000012       0x13 sysfile.o
 .comment       0x0000000000000012       0x13 sysproc.o
 .comment       0x0000000000000012       0x13 trap.o
 .comment       0x0000000000000012       0x13 uart.o
 .comment       0x0000000000000012       0x13 vm.o

.debug_frame    0x0000000000000000     0x1ed4
 .debug_frame   0x0000000000000000       0xc4 bio.o
 .debug_frame   0x00000000000000c4      0x18c console.o
 .debug_frame   0x0000000000000250       0x44 exec.o
 .debug_frame   0x0000000000000294      0x180 file.o
 .debug_frame   0x0000000000000414      0x41c fs.o
 .debug_frame   0x0000000000000830       0xc4 ide.o
 .debug_frame   0x00000000000008f4       0x5c ioapic.o
 .debug_frame   0x0000000000000950       0xdc kalloc.o
 .debug_frame   0x0000000000000a2c       0x74 kbd.o
 .debug_frame   0x0000000000000aa0       0xa4 lapic.o
 .debug_frame   0x0000000000000b44      0x110 log.o
 .debug_frame   0x0000000000000c54       0x70 main.o
 .debug_frame   0x0000000000000cc4       0x80 mp.o
 .debug_frame   0x0000000000000d44       0x24 picirq.o
 .debug_frame   0x0000000000000d68       0xf4 pipe.o
 .debug_frame   0x0000000000000e5c      0x2f8 proc.o
 .debug_frame   0x0000000000001154       0xb8 sleeplock.o
 .debug_frame   0x000000000000120c      0x138 spinlock.o
 .debug_frame   0x0000000000001344      0x168 string.o
 .debug_frame   0x00000000000014ac      0x11c syscall.o
 .debug_frame   0x00000000000015c8      0x2c8 sysfile.o
 .debug_frame   0x0000000000001890      0x164 sysproc.o
 .debug_frame   0x00000000000019f4       0x94 trap.o
 .debug_frame   0x0000000000001a88       0x98 uart.o
 .debug_frame   0x0000000000001b20      0x3b4 vm.o
